TLS: строгая проверка по закреплённому корню Минцифры (russian_trusted_root.pem)
Ссылок на закупки: 48

[1/48] https://zakupki.gov.ru/epz/order/notice/ea44/view/documents.html?regNumber=0152300011926001171
    вложений: 10
[2/48] https://zakupki.gov.ru/epz/order/notice/ea44/view/documents.html?regNumber=0335100006526000088
    вложений: 55
[3/48] https://zakupki.gov.ru/epz/order/notice/ea44/view/documents.html?regNumber=0311200029126000053
    вложений: 7
[4/48] https://zakupki.gov.ru/epz/order/notice/ea44/view/documents.html?regNumber=0843500000226004079
    вложений: 8
[5/48] https://zakupki.gov.ru/epz/order/notice/ea44/view/documents.html?regNumber=0381500000126000084
    вложений: 17
[6/48] https://zakupki.gov.ru/epz/order/notice/ea44/view/documents.html?regNumber=0173200001426001472
    вложений: 15
[7/48] https://zakupki.gov.ru/epz/order/notice/ea44/view/documents.html?regNumber=0373200018826000561
    вложений: 14
[8/48] https://zakupki.gov.ru/epz/order/notice/ea44/view/documents.html?regNumber=0372200230126000014
    вложений: 9
[9/48] https://zakupki.gov.ru/epz/order/notice/ea44/view/documents.html?regNumber=0162300005326001566
    вложений: 12
[10/48] https://zakupki.gov.ru/epz/order/notice/ea44/view/documents.html?regNumber=0348100099026000015
    вложений: 8
[11/48] https://zakupki.gov.ru/epz/order/notice/ea44/view/documents.html?regNumber=0873500002326000485
    вложений: 13
[12/48] https://zakupki.gov.ru/epz/order/notice/ea44/view/documents.html?regNumber=0172200002526000333
    вложений: 19
[13/48] https://zakupki.gov.ru/epz/order/notice/ea44/view/documents.html?regNumber=0851300000126000261
    вложений: 9
[14/48] https://zakupki.gov.ru/epz/order/notice/ea44/view/documents.html?regNumber=0372100009926000079
    вложений: 15
[15/48] https://zakupki.gov.ru/epz/order/notice/ea44/view/documents.html?regNumber=0373200018826000555
    вложений: 41
[16/48] https://zakupki.gov.ru/epz/order/notice/ea44/view/documents.html?regNumber=0869600056226000345
    вложений: 7
[17/48] https://zakupki.gov.ru/epz/order/notice/ea44/view/documents.html?regNumber=0148200005426000342
    вложений: 12
[18/48] https://zakupki.gov.ru/epz/order/notice/ea44/view/documents.html?regNumber=0811600002326000142
    вложений: 9
[19/48] https://zakupki.gov.ru/epz/order/notice/ea44/view/documents.html?regNumber=0373100086926000475
    вложений: 18
[20/48] https://zakupki.gov.ru/epz/order/notice/ea44/view/documents.html?regNumber=0358300038626000023
    вложений: 14
[21/48] https://zakupki.gov.ru/epz/order/notice/ea44/view/documents.html?regNumber=0133200001726002346
    вложений: 12
[22/48] https://zakupki.gov.ru/epz/order/notice/ea44/view/documents.html?regNumber=0836200001826000077
    вложений: 13
[23/48] https://zakupki.gov.ru/epz/order/notice/ea44/view/documents.html?regNumber=0320100008826000010
    вложений: 12
[24/48] https://zakupki.gov.ru/epz/order/notice/ea44/view/documents.html?regNumber=0862300027026000077
    вложений: 7
[25/48] https://zakupki.gov.ru/epz/order/notice/ea44/view/documents.html?regNumber=0366200035626005136
    вложений: 9
[26/48] https://zakupki.gov.ru/epz/order/notice/ea44/view/documents.html?regNumber=0119200000126013726
    вложений: 13
[27/48] https://zakupki.gov.ru/epz/order/notice/ea44/view/documents.html?regNumber=0335200014926002621
    вложений: 21
[28/48] https://zakupki.gov.ru/epz/order/notice/ea44/view/documents.html?regNumber=0338300003326000099
    вложений: 16
[29/48] https://zakupki.gov.ru/epz/order/notice/ea44/view/documents.html?regNumber=0848300048426000341
    вложений: 8
[30/48] https://zakupki.gov.ru/epz/order/notice/ea44/view/documents.html?regNumber=0119300019626000290
    вложений: 28
[31/48] https://zakupki.gov.ru/epz/order/notice/ea44/view/documents.html?regNumber=0145200000426001219
    вложений: 8
[32/48] https://zakupki.gov.ru/epz/order/notice/ea44/view/documents.html?regNumber=0370500001426000002
    вложений: 8
[33/48] https://zakupki.gov.ru/epz/order/notice/ea44/view/documents.html?regNumber=0133200001726002164
    вложений: 12
[34/48] https://zakupki.gov.ru/epz/order/notice/ea44/view/documents.html?regNumber=0162300000826000337
    вложений: 24
[35/48] https://zakupki.gov.ru/epz/order/notice/ea44/view/documents.html?regNumber=0373200000626000325
    вложений: 8
[36/48] https://zakupki.gov.ru/epz/order/notice/ea44/view/documents.html?regNumber=0119300012126000011
    вложений: 14
[37/48] https://zakupki.gov.ru/epz/order/notice/ea44/view/documents.html?regNumber=0187300013726000189
    вложений: 6
[38/48] https://zakupki.gov.ru/epz/order/notice/ea44/view/documents.html?regNumber=0123300007926000310
    вложений: 17
[39/48] https://zakupki.gov.ru/epz/order/notice/ea44/view/documents.html?regNumber=0335200014926002746
    вложений: 27
[40/48] https://zakupki.gov.ru/epz/order/notice/ea44/view/documents.html?regNumber=0373100062726000003
    вложений: 22
[41/48] https://zakupki.gov.ru/epz/order/notice/ea44/view/documents.html?regNumber=0356500001426006731
    вложений: 18
[42/48] https://zakupki.gov.ru/epz/order/notice/ea44/view/documents.html?regNumber=0361200015026003461
    вложений: 17
[43/48] https://zakupki.gov.ru/epz/order/notice/ea44/view/documents.html?regNumber=0147600000826000015
    вложений: 5
[44/48] https://zakupki.gov.ru/epz/order/notice/ea44/view/documents.html?regNumber=0332100022726000505
    вложений: 12
[45/48] https://zakupki.gov.ru/epz/order/notice/ea44/view/documents.html?regNumber=0573500000126000186
    вложений: 11
[46/48] https://zakupki.gov.ru/epz/order/notice/ea44/view/documents.html?regNumber=0873500001426000031
    вложений: 9
[47/48] https://zakupki.gov.ru/epz/order/notice/ea44/view/documents.html?regNumber=0843500000226004404
    вложений: 11
[48/48] https://zakupki.gov.ru/epz/order/notice/ea44/view/documents.html?regNumber=0339100008826000019
    вложений: 15

К скачиванию: 179 файлов
[1/179] Прил. № 1-10 к обоснованию НМЦК.xlsx.zip [смета (в архиве)]
    уже скачан
      -> data\raw2\01523000_Прил. № 1-10 к обоснованию НМЦК.xlsx (сметный формат)
      -> data\downloads\other\01523000_Прил. № 1-10 к обоснованию НМЦК.xlsx_Маркелова Мария Сергеевна.sig (не для парсера)
      -> data\raw_pdf\01523000_Прил. № 1-10 к обоснованию НМЦК.xlsx.pdf (pdf, ветка M6)
[2/179] Обоснование НМЦК.xlsx.zip [смета (в архиве)]
    уже скачан
      -> data\raw2\01523000_Обоснование НМЦК.xlsx (сметный формат)
      -> data\downloads\other\01523000_Обоснование НМЦК.xlsx_Маркелова Мария Сергеевна.sig (не для парсера)
      -> data\raw_pdf\01523000_Обоснование НМЦК.xlsx.pdf (pdf, ветка M6)
[3/179] Проект сметы контракта.docx [смета]
    0.0 МБ
      -> data\downloads\other\01523000_019FFAB5010A_Проект сметы контракта.docx (не для парсера)
[4/179] Обоснование НМЦК [смета]
    0.1 МБ
      -> data\downloads\other\03351000_019FF020BCAD_Обоснование НМЦК.doc (не для парсера)
[5/179] Раздел ПД № 12 СМ часть 2 ВОР 02-01-05 [объёмы]
    0.0 МБ
      -> data\raw2\03351000_019FDC39F043_Раздел ПД № 12 СМ часть 2 ВОР 02-01-05.xlsx (сметный формат)
[6/179] Раздел ПД № 12 СМ ЛСР-02-01-03 [смета]
    0.2 МБ
      -> data\raw2\03351000_019FDC3D1B25_Раздел ПД № 12 СМ ЛСР-02-01-03.xlsx (сметный формат)
[7/179] Раздел ПД № 12 СМ ЛСР-02-01-04 [смета]
    0.4 МБ
      -> data\raw2\03351000_019FDC3D2637_Раздел ПД № 12 СМ ЛСР-02-01-04.xlsx (сметный формат)
[8/179] Раздел ПД № 12 СМ ЛСР-02-01-08 [смета]
    0.3 МБ
      -> data\raw2\03351000_019FDC3D72D1_Раздел ПД № 12 СМ ЛСР-02-01-08.xlsx (сметный формат)
[9/179] Раздел ПД № 12 СМ часть 2 ВОР 02-01-14 [объёмы]
    0.0 МБ
      -> data\raw2\03351000_019FDC38C644_Раздел ПД № 12 СМ часть 2 ВОР 02-01-14.xlsx (сметный формат)
[10/179] Раздел ПД № 12 СМ ЛСР-02-01-11 [смета]
    0.1 МБ
      -> data\raw2\03351000_019FDC3DA4EB_Раздел ПД № 12 СМ ЛСР-02-01-11.xlsx (сметный формат)
[11/179] Раздел ПД № 12 СМ часть 2 ВОР 02-01-08 [объёмы]
    0.0 МБ
      -> data\raw2\03351000_019FDC39D31D_Раздел ПД № 12 СМ часть 2 ВОР 02-01-08.xlsx (сметный формат)
[12/179] Раздел ПД № 12 СМ часть 2 ВОР 02-01-10 [объёмы]
    0.0 МБ
      -> data\raw2\03351000_019FDC390796_Раздел ПД № 12 СМ часть 2 ВОР 02-01-10.xlsx (сметный формат)
[13/179] Раздел ПД № 12 СМ ЛСР-02-01-13 [смета]
    0.1 МБ
      -> data\raw2\03351000_019FDC3E2EA7_Раздел ПД № 12 СМ ЛСР-02-01-13.xlsx (сметный формат)
[14/179] Раздел ПД № 12 СМ часть 2 ВОР 02-01-11 [объёмы]
    0.0 МБ
      -> data\raw2\03351000_019FDC394ECA_Раздел ПД № 12 СМ часть 2 ВОР 02-01-11.xlsx (сметный формат)
[15/179] Раздел ПД № 12 СМ ЛСР-02-01-14 [смета]
    0.0 МБ
      -> data\raw2\03351000_019FDC3DCE8A_Раздел ПД № 12 СМ ЛСР-02-01-14.xlsx (сметный формат)
[16/179] Раздел ПД № 12 СМ ЛСР-02-01-06 [смета]
    0.1 МБ
      -> data\raw2\03351000_019FDC3D59D9_Раздел ПД № 12 СМ ЛСР-02-01-06.xlsx (сметный формат)
[17/179] Раздел ПД № 12 СМ ЛСР-02-02-01 [смета]
    0.1 МБ
      -> data\raw2\03351000_019FDC3F40D0_Раздел ПД № 12 СМ ЛСР-02-02-01.xlsx (сметный формат)
[18/179] Раздел ПД № 12 СМ ЛСР-02-01-09 [смета]
    0.1 МБ
      -> data\raw2\03351000_019FDC3D80EA_Раздел ПД № 12 СМ ЛСР-02-01-09.xlsx (сметный формат)
[19/179] Раздел ПД № 12 СМ часть 2 ВОР 02-01-03 [объёмы]
    0.0 МБ
      -> data\raw2\03351000_019FDC3999AC_Раздел ПД № 12 СМ часть 2 ВОР 02-01-03.xlsx (сметный формат)
[20/179] Раздел ПД № 12 СМ ЛСР-02-01-10 [смета]
    0.1 МБ
      -> data\raw2\03351000_019FDC3D9837_Раздел ПД № 12 СМ ЛСР-02-01-10.xlsx (сметный формат)
[21/179] Раздел ПД № 12 СМ ЛСР-02-01-02 [смета]
    0.4 МБ
      -> data\raw2\03351000_019FDC3D11D7_Раздел ПД № 12 СМ ЛСР-02-01-02.xlsx (сметный формат)
[22/179] Раздел ПД № 12 СМ ЛСР-02-02-01 [смета]
    0.1 МБ
      -> data\raw2\03351000_019FDC3DDDF3_Раздел ПД № 12 СМ ЛСР-02-02-01.xlsx (сметный формат)
[23/179] Раздел ПД № 12 СМ часть 2 ВОР 02-01-02 [объёмы]
    0.0 МБ
      -> data\raw2\03351000_019FDC39C415_Раздел ПД № 12 СМ часть 2 ВОР 02-01-02.xlsx (сметный формат)
[24/179] Раздел ПД № 12 СМ ЛСР-02-01-01 [смета]
    0.3 МБ
      -> data\raw2\03351000_019FDC3D0534_Раздел ПД № 12 СМ ЛСР-02-01-01.xlsx (сметный формат)
[25/179] Раздел ПД № 12 СМ часть 2 ВОР 02-01-09 [объёмы]
    0.0 МБ
      -> data\raw2\03351000_019FDC39761D_Раздел ПД № 12 СМ часть 2 ВОР 02-01-09.xlsx (сметный формат)
[26/179] Раздел ПД № 12 СМ ЛСР-02-01-07 [смета]
    0.1 МБ
      -> data\raw2\03351000_019FDC3D6602_Раздел ПД № 12 СМ ЛСР-02-01-07.xlsx (сметный формат)
[27/179] Раздел ПД № 12 СМ часть 2 ВОР 02-01-01 [объёмы]
    0.0 МБ
      -> data\raw2\03351000_019FDC39B165_Раздел ПД № 12 СМ часть 2 ВОР 02-01-01.xlsx (сметный формат)
[28/179] Раздел ПД № 12 СМ ЛСР-02-01-05 [смета]
    0.5 МБ
      -> data\raw2\03351000_019FDC3D361A_Раздел ПД № 12 СМ ЛСР-02-01-05.xlsx (сметный формат)
[29/179] Раздел ПД № 12 СМ часть 2 ВОР 02-02-01 [объёмы]
    0.0 МБ
      -> data\raw2\03351000_019FDC38D643_Раздел ПД № 12 СМ часть 2 ВОР 02-02-01.xlsx (сметный формат)
[30/179] Раздел ПД № 12 СМ часть 2 ВОР 02-01-07 [объёмы]
    0.0 МБ
      -> data\raw2\03351000_019FDC3921CA_Раздел ПД № 12 СМ часть 2 ВОР 02-01-07.xlsx (сметный формат)
[31/179] Раздел ПД № 12 СМ часть 2 ВОР 02-01-04 [объёмы]
    0.0 МБ
      -> data\raw2\03351000_019FDC39E378_Раздел ПД № 12 СМ часть 2 ВОР 02-01-04.xlsx (сметный формат)
[32/179] Раздел ПД № 12 СМ часть 2 ВОР 02-01-12 [объёмы]
    0.0 МБ
      -> data\raw2\03351000_019FDC39341A_Раздел ПД № 12 СМ часть 2 ВОР 02-01-12.xlsx (сметный формат)
[33/179] Раздел ПД № 12 СМ часть 2 ВОР 02-01-06 [объёмы]
    0.0 МБ
      -> data\raw2\03351000_019FDC3961EC_Раздел ПД № 12 СМ часть 2 ВОР 02-01-06.xlsx (сметный формат)
[34/179] ЛСР,ВОР,КА_xlsx [смета]
    6.9 МБ
      -> data\raw2\03112000_02-01-01 Отделочные работы (Юнкерское училище-Хазинэ) - Дефектная ведомость по смете.xlsx (сметный формат)
      -> data\raw2\03112000_02-01-01 Отделочные работы (Юнкерское училище-Хазинэ) - ЛСР по Методике 2020 (РИМ).xlsx (сметный формат)
      -> data\raw2\03112000_КА Юнкерское училище - Конъюнктурный анализ.xlsx (сметный формат)
      -> data\raw2\03112000_02-01-04 Отделочные работы (Замена ковролина в здании Юнкерского училища) - ВОР.xlsx (сметный формат)
      -> data\raw2\03112000_02-01-04 Отделочные работы (Замена ковролина в здании Юнкерского училища) - ЛСР.xlsx (сметный формат)
Traceback (most recent call last):
  File "C:\Users\Georgii\PycharmProjects\Demowork\tools\fetch_docs.py", line 319, in <module>
    raise SystemExit(main())
                     ~~~~^^
  File "C:\Users\Georgii\PycharmProjects\Demowork\tools\fetch_docs.py", line 294, in main
    produced = produced.replace(tagged)
  File "C:\Python314\Lib\pathlib\__init__.py", line 1091, in replace
    os.replace(self, target)
    ~~~~~~~~~~^^^^^^^^^^^^^^
FileNotFoundError: [WinError 2] Не удается найти указанный файл: 'C:\\Users\\Georgii\\PycharmProjects\\Demowork\\data\\downloads\\unpacked\\КА Юнкерское училище - Конъюнктурный анализ.xlsx' -> 'C:\\Users\\Georgii\\PycharmProjects\\Demowork\\data\\downloads\\unpacked\\03112000_КА Юнкерское училище - Конъюнктурный анализ.xlsx'
